[build-system]
build-backend = "backend"
requires = [ "c>=1.5", "d==2" ]

[project]
name = "beta"
classifiers = [
    "Programming Language :: Python :: 3 :: Only",
    "Programming Language :: Python :: 3.12",
]
dependencies = [
    "e>=1.5",
]
